============================================================
  7-Stage Context Mapping Pipeline - Integration Tests
============================================================

=== Testing Sentence Segmentation ===
Segmented into 6 sentences:
  1. [0.0s-5.0s] Our system architecture consists of three main components: A...
     Audio confidence: 0.75, Speaker: Engineer1
  2. [5.0s-10.0s] The API layer handles incoming requests and routes them to t...
     Audio confidence: 0.80, Speaker: Engineer1
  3. [10.0s-15.0s] For deployment we use Kubernetes with a continuous integrati...
     Audio confidence: 0.70, Speaker: Engineer2
  4. [15.0s-20.0s] The rollout process takes about 20 minutes with automated he...
     Audio confidence: 0.65, Speaker: Engineer2
  5. [20.0s-25.0s] We monitor everything through Grafana dashboards with real-t...
     Audio confidence: 0.75, Speaker: Engineer1
  6. [25.0s-30.0s] If you see high latency check the database query logs....
     Audio confidence: 0.60, Speaker: Engineer2
python : Traceback (most recent call last):
At line:1 char:1
+ python test_pipeline.py 2>&1 | tee test_output.log
+ ~~~~~~~~~~~~~~~~~~~~~~~~~~~~
    + CategoryInfo          : NotSpecified: (Traceback (most recent call last) 
   ::String) [], RemoteException
    + FullyQualifiedErrorId : NativeCommandError
 
  File "C:\Users\dell\Continumm\KT_Planner\test_pipeline.py", line 181, in 
<module>
    test_segmentation()
    ~~~~~~~~~~~~~~~~~^^
  File "C:\Users\dell\Continumm\KT_Planner\test_pipeline.py", line 106, in 
test_segmentation
    print("\u2713 Segmentation test passed")
    ~~~~~^^^^^^^^^^^^^^^^^^^^^^^^^^^^^^
  File "C:\Users\dell\AppData\Local\Programs\Python\Python313\Lib\encodings\cp1
252.py", line 19, in encode
    return codecs.charmap_encode(input,self.errors,encoding_table)[0]
           ~~~~~~~~~~~~~~~~~~~~~^^^^^^^^^^^^^^^^^^^^^^^^^^^^^^^^^^
UnicodeEncodeError: 'charmap' codec can't encode character '\u2713' in 
position 0: character maps to <undefined>

During handling of the above exception, another exception occurred:

Traceback (most recent call last):
  File "C:\Users\dell\Continumm\KT_Planner\test_pipeline.py", line 189, in 
<module>
    print(f"\n\u2717 Test failed with error: {e}")
    ~~~~~^^^^^^^^^^^^^^^^^^^^^^^^^^^^^^^^^^^^
  File "C:\Users\dell\AppData\Local\Programs\Python\Python313\Lib\encodings\cp1
252.py", line 19, in encode
    return codecs.charmap_encode(input,self.errors,encoding_table)[0]
           ~~~~~~~~~~~~~~~~~~~~~^^^^^^^^^^^^^^^^^^^^^^^^^^^^^^^^^^
UnicodeEncodeError: 'charmap' codec can't encode character '\u2717' in 
position 2: character maps to <undefined>
